../Drivers/STM32G0xx_HAL_Driver/Src/stm32g0xx_hal_rcc.c:218:19:HAL_RCC_DeInit	24	static
../Drivers/STM32G0xx_HAL_Driver/Src/stm32g0xx_hal_rcc.c:310:19:HAL_RCC_OscConfig	40	static
../Drivers/STM32G0xx_HAL_Driver/Src/stm32g0xx_hal_rcc.c:1035:6:HAL_RCC_MCOConfig	40	static
../Drivers/STM32G0xx_HAL_Driver/Src/stm32g0xx_hal_rcc.c:1113:10:HAL_RCC_GetSysClockFreq	8	static
../Drivers/STM32G0xx_HAL_Driver/Src/stm32g0xx_hal_rcc.c:806:19:HAL_RCC_ClockConfig	32	static
../Drivers/STM32G0xx_HAL_Driver/Src/stm32g0xx_hal_rcc.c:1181:10:HAL_RCC_GetHCLKFreq	0	static
../Drivers/STM32G0xx_HAL_Driver/Src/stm32g0xx_hal_rcc.c:1192:10:HAL_RCC_GetPCLK1Freq	0	static
../Drivers/STM32G0xx_HAL_Driver/Src/stm32g0xx_hal_rcc.c:1205:6:HAL_RCC_GetOscConfig	0	static
../Drivers/STM32G0xx_HAL_Driver/Src/stm32g0xx_hal_rcc.c:1308:6:HAL_RCC_GetClockConfig	12	static
../Drivers/STM32G0xx_HAL_Driver/Src/stm32g0xx_hal_rcc.c:1341:6:HAL_RCC_EnableCSS	0	static
../Drivers/STM32G0xx_HAL_Driver/Src/stm32g0xx_hal_rcc.c:1357:6:HAL_RCC_EnableLSECSS	0	static
../Drivers/STM32G0xx_HAL_Driver/Src/stm32g0xx_hal_rcc.c:1368:6:HAL_RCC_DisableLSECSS	0	static
../Drivers/STM32G0xx_HAL_Driver/Src/stm32g0xx_hal_rcc.c:1404:13:HAL_RCC_CSSCallback	0	static
../Drivers/STM32G0xx_HAL_Driver/Src/stm32g0xx_hal_rcc.c:1415:13:HAL_RCC_LSECSSCallback	0	static
../Drivers/STM32G0xx_HAL_Driver/Src/stm32g0xx_hal_rcc.c:1378:6:HAL_RCC_NMI_IRQHandler	8	static
../Drivers/STM32G0xx_HAL_Driver/Src/stm32g0xx_hal_rcc.c:1428:10:HAL_RCC_GetResetSource	0	static
