../Core/Src/main.c:68:6:HAL_SPI_TxRxCpltCallback	16	static
../Core/Src/main.c:75:6:HAL_SPI_ErrorCallback	16	static
../Core/Src/main.c:80:6:HAL_ADC_ConvCpltCallback	16	static
../Core/Src/main.c:94:5:main	32	static
../Core/Src/main.c:225:6:SystemClock_Config	88	static
../Core/Src/main.c:269:13:MX_ADC1_Init	24	static
../Core/Src/main.c:328:13:MX_SPI1_Init	8	static
../Core/Src/main.c:365:13:MX_DMA_Init	16	static
../Core/Src/main.c:386:13:MX_GPIO_Init	56	static
../Core/Src/main.c:429:6:Config_Handler	32	static
../Core/Src/main.c:481:6:ADC_Handler	8	static
../Core/Src/main.c:486:6:Idle_Handler	32	static
../Core/Src/main.c:527:9:Config_Set_Sample_freq	16	static
../Core/Src/main.c:531:9:Send_OK	16	static
../Core/Src/main.c:541:9:Send_NOK	16	static
../Core/Src/main.c:558:6:Error_Handler	8	static,ignoring_inline_asm
